MAC TABLE:
1:
  '10:00:00:00:00:01': 1
  '10:00:00:00:00:02': 2
  '10:00:00:00:00:03': 3
  '10:00:00:00:00:04': 4

