MAC TABLE:
1:
  '10:00:00:00:00:01': 1
  '10:00:00:00:00:02': 2
  '10:00:00:00:00:03': 3
  '10:00:00:00:00:04': 3
2:
  '10:00:00:00:00:01': 3
  '10:00:00:00:00:02': 3
  '10:00:00:00:00:03': 1
  '10:00:00:00:00:04': 2
3:
  '10:00:00:00:00:01': 1
  '10:00:00:00:00:02': 1
  '10:00:00:00:00:03': 2
  '10:00:00:00:00:04': 2
4:
  '10:00:00:00:00:01': 1
  '10:00:00:00:00:02': 1
  '10:00:00:00:00:03': 2
  '10:00:00:00:00:04': 2
5:
  '10:00:00:00:00:01': 1
  '10:00:00:00:00:02': 1
  '10:00:00:00:00:03': 2
  '10:00:00:00:00:04': 2

