MAC TABLE:
1:
  1:
    '10:00:00:00:00:01': 2
    '10:00:00:00:00:02': 1
    '10:00:00:00:00:06': 2
  2:
    '10:00:00:00:00:03': 2
    '10:00:00:00:00:04': 2
    '10:00:00:00:00:05': 2
2:
  1:
    '10:00:00:00:00:01': 3
    '10:00:00:00:00:02': 3
    '10:00:00:00:00:06': 2
  2:
    '10:00:00:00:00:03': 3
    '10:00:00:00:00:04': 3
    '10:00:00:00:00:05': 1
3:
  1:
    '10:00:00:00:00:01': 1
    '10:00:00:00:00:02': 2
    '10:00:00:00:00:06': 3
  2:
    '10:00:00:00:00:03': 3
    '10:00:00:00:00:04': 3
    '10:00:00:00:00:05': 3
4:
  1:
    '10:00:00:00:00:01': 2
    '10:00:00:00:00:02': 2
    '10:00:00:00:00:06': 3
  2:
    '10:00:00:00:00:03': 1
    '10:00:00:00:00:04': 3
    '10:00:00:00:00:05': 3
5:
  1:
    '10:00:00:00:00:01': 2
    '10:00:00:00:00:02': 2
    '10:00:00:00:00:06': 3
  2:
    '10:00:00:00:00:03': 2
    '10:00:00:00:00:04': 1
    '10:00:00:00:00:05': 3

