MAC TABLE:
1:
  1:
    '10:00:00:00:00:01': 1
    '10:00:00:00:00:02': 2
    '10:00:00:00:00:06': 4
  2:
    '10:00:00:00:00:03': 3
    '10:00:00:00:00:04': 4
    '10:00:00:00:00:05': 4
2:
  1:
    '10:00:00:00:00:01': 4
    '10:00:00:00:00:02': 4
    '10:00:00:00:00:06': 3
  2:
    '10:00:00:00:00:03': 4
    '10:00:00:00:00:04': 1
    '10:00:00:00:00:05': 2

